// Jest Snapshot v1, https://goo.gl/fbAQLP

exports[`Element Array 1`] = `
<div
  className="field"
  data-fieldKey="key"
  href="#key"
  onMouseOver={[Function]}
>
  <a
    href="/org/bryzek/app/apidoc-generator/m/key#key"
    onClick={[Function]}
    tabIndex={0}
  >
    <span
      className="value"
    >
              
      ""
    </span>
    ,
  </a>
</div>
`;

exports[`Element Field Model 1`] = `
<div
  className="field"
  data-fieldKey="key"
  href="#key"
  onMouseOver={[Function]}
>
  <a
    href="/org/bryzek/app/apidoc-generator/m/key#key"
    onClick={[Function]}
    tabIndex={0}
  >
    <span
      className="value"
    >
              
      
    </span>
    ,
  </a>
</div>
`;

exports[`Element Field Value string 1`] = `
<div
  className="field"
  data-fieldKey="key"
  href="#key"
  onMouseOver={[Function]}
>
  <a
    href="/org/bryzek/app/apidoc-generator/m/key#key"
    onClick={[Function]}
    tabIndex={0}
  >
    <span
      className="value"
    >
              
      "code"
    </span>
    ,
  </a>
</div>
`;

exports[`Element Model 1`] = `
<div>
          {
  <div
    className="field"
    data-fieldKey="error.code"
    href="#error.code"
    onMouseOver={[Function]}
  >
    <a
      href="/org/bryzek/app/apidoc-generator/m/error#error.code"
      onClick={[Function]}
      tabIndex={0}
    >
      <span
        className="name"
      >
                  
        "
        code
        ":
      </span>
      <span
        className="value"
      >
         
        "code"
        ,
      </span>
    </a>
  </div>
  <div
    className="field"
    data-fieldKey="error.message"
    href="#error.message"
    onMouseOver={[Function]}
  >
    <a
      href="/org/bryzek/app/apidoc-generator/m/error#error.message"
      onClick={[Function]}
      tabIndex={0}
    >
      <span
        className="name"
      >
                  
        "
        message
        ":
      </span>
      <span
        className="value"
      >
         
        "message"
        
      </span>
    </a>
  </div>
          },
</div>
`;

exports[`JField model 1`] = `
<div>
  <div
    className="field"
    data-fieldKey="key"
    href="#key"
    onMouseOver={[Function]}
  >
    <a
      href="/org/bryzek/app/apidoc-generator/m/key#key"
      onClick={[Function]}
      tabIndex={0}
    >
      <span
        className="name"
      >
                
        "
        code
        ":
      </span>
    </a>
  </div>
  <div
    className="element"
    data-lieldKey="key"
    href="#key"
    onMouseOver={[Function]}
  >
    <a
      href="/org/bryzek/app/apidoc-generator/m/key#key"
      onClick={[Function]}
      tabIndex={0}
    >
      <div>
                {
        <div
          className="field"
          data-fieldKey="error.code"
          href="#error.code"
          onMouseOver={[Function]}
        >
          <a
            href="/org/bryzek/app/apidoc-generator/m/error#error.code"
            onClick={[Function]}
            tabIndex={0}
          >
            <span
              className="name"
            >
                        
              "
              code
              ":
            </span>
            <span
              className="value"
            >
               
              "code"
              ,
            </span>
          </a>
        </div>
        <div
          className="field"
          data-fieldKey="error.message"
          href="#error.message"
          onMouseOver={[Function]}
        >
          <a
            href="/org/bryzek/app/apidoc-generator/m/error#error.message"
            onClick={[Function]}
            tabIndex={0}
          >
            <span
              className="name"
            >
                        
              "
              message
              ":
            </span>
            <span
              className="value"
            >
               
              "message"
              
            </span>
          </a>
        </div>
                },
      </div>
    </a>
  </div>
</div>
`;

exports[`JField value 1`] = `
<div
  className="field"
  data-fieldKey="key"
  href="#key"
  onMouseOver={[Function]}
>
  <a
    href="/org/bryzek/app/apidoc-generator/m/key#key"
    onClick={[Function]}
    tabIndex={0}
  >
    <span
      className="name"
    >
              
      "
      code
      ":
    </span>
    <span
      className="value"
    >
       
      "code"
      ,
    </span>
  </a>
</div>
`;
