exports[`test simple html 1`] = `
<div
  className="modelDescription">
  <h2
    className="modelName h2"
    onClick={undefined}>
    base
  </h2>
</div>
`;
