// Jest Snapshot v1, https://goo.gl/fbAQLP

exports[`Application Home 1`] = `
<div>
  <div>
    <div
      className="content"
    >
      <div
        className="header"
      >
        <h1
          className="h1 h1"
        >
          apidoc generator
        </h1>
        <div
          className="description container"
        >
          <div
            className="markdown"
          >
            <p>
              Documentation for an apidoc code generator API
            </p>
          </div>
        </div>
      </div>
      <div>
        <div
          className="container href"
        >
          <a
            href="/org//app//r/generator/m/get/p/generators"
            onClick={[Function]}
            tabIndex={0}
          >
            <div
              className="flex"
            >
              <div
                className="left"
              >
                <div
                  className="method get isExpandedMethod"
                >
                  GET
                </div>
              </div>
              <div
                className="right"
              >
                <pre
                  className="path isExpandedPath"
                >
                  /generators
                </pre>
              </div>
            </div>
            <div
              className="description container"
            >
              <div
                className="markdown"
              >
                <p>
                  Get all available generators
                </p>
              </div>
            </div>
          </a>
        </div>
        <div
          className="container href"
        >
          <a
            href="/org//app//r/generator/m/get/p/generatorskey"
            onClick={[Function]}
            tabIndex={0}
          >
            <div
              className="flex"
            >
              <div
                className="left"
              >
                <div
                  className="method get isExpandedMethod"
                >
                  GET
                </div>
              </div>
              <div
                className="right"
              >
                <pre
                  className="path isExpandedPath"
                >
                  /generators/:key
                </pre>
              </div>
            </div>
            <div
              className="description container"
            >
              <div
                className="markdown"
              >
                <p>
                  Get generator with this key
                </p>
              </div>
            </div>
          </a>
        </div>
        <div
          className="container href"
        >
          <a
            href="/org//app//r/healthcheck/m/get/p/_internal_healthcheck"
            onClick={[Function]}
            tabIndex={0}
          >
            <div
              className="flex"
            >
              <div
                className="left"
              >
                <div
                  className="method get"
                >
                  GET
                </div>
              </div>
              <div
                className="right"
              >
                <pre
                  className="path"
                >
                  /_internal_/healthcheck
                </pre>
              </div>
            </div>
          </a>
        </div>
        <div
          className="container href"
        >
          <a
            href="/org//app//r/invocation/m/post/p/invocationskey"
            onClick={[Function]}
            tabIndex={0}
          >
            <div
              className="flex"
            >
              <div
                className="left"
              >
                <div
                  className="method post isExpandedMethod"
                >
                  POST
                </div>
              </div>
              <div
                className="right"
              >
                <pre
                  className="path isExpandedPath"
                >
                  /invocations/:key
                </pre>
              </div>
            </div>
            <div
              className="description container"
            >
              <div
                className="markdown"
              >
                <p>
                  Invoke a generator
                </p>
              </div>
            </div>
          </a>
        </div>
      </div>
    </div>
  </div>
</div>
`;
